14:48:47 **** Build of configuration Debug for project exercise2 ****
make pre-build main-build 
a9-linaro-pre-build-step
' '
'Building file: ../src/freertos_hello_world.c'
'Invoking: ARM v7 gcc compiler'
arm-none-eabi-gcc -Wall -O0 -g3 -c -fmessage-length=0 -MT"src/freertos_hello_world.o" -mcpu=cortex-a9 -mfpu=vfpv3 -mfloat-abi=hard -I../../lab3_bsp/ps7_cortexa9_0/include -MMD -MP -MF"src/freertos_hello_world.d" -MT"src/freertos_hello_world.o" -o "src/freertos_hello_world.o" "../src/freertos_hello_world.c"
'Finished building: ../src/freertos_hello_world.c'
' '
'Building target: exercise2.elf'
'Invoking: ARM v7 gcc linker'
arm-none-eabi-gcc -mcpu=cortex-a9 -mfpu=vfpv3 -mfloat-abi=hard -Wl,-build-id=none -specs=Xilinx.spec -Wl,-T -Wl,../src/lscript.ld -L../../lab3_bsp/ps7_cortexa9_0/lib -o "exercise2.elf"  ./src/freertos_hello_world.o   -Wl,--start-group,-lxil,-lfreertos,-lgcc,-lc,--end-group
'Finished building target: exercise2.elf'
' '
'Invoking: ARM v7 Print Size'
arm-none-eabi-size exercise2.elf  |tee "exercise2.elf.size"
   text	   data	    bss	    dec	    hex	filename
  77708	   3388	  89424	 170520	  29a18	exercise2.elf
'Finished building: exercise2.elf.size'
' '

14:48:50 Build Finished (took 2s.713ms)

