15:03:02 **** Auto Build of configuration Debug for project part1 ****
make pre-build main-build 
a9-linaro-pre-build-step
' '
'Building file: ../src/initialization.c'
'Invoking: ARM v7 gcc compiler'
arm-none-eabi-gcc -Wall -O0 -g3 -c -fmessage-length=0 -MT"src/initialization.o" -mcpu=cortex-a9 -mfpu=vfpv3 -mfloat-abi=hard -I../../part1_bsp/ps7_cortexa9_0/include -MMD -MP -MF"src/initialization.d" -MT"src/initialization.o" -o "src/initialization.o" "../src/initialization.c"
../src/initialization.c: In function 'SpiMasterRead':
../src/initialization.c:172:6: warning: unused variable 'StatusReg' [-Wunused-variable]
  u32 StatusReg;
      ^~~~~~~~~
../src/initialization.c:180:1: warning: control reaches end of non-void function [-Wreturn-type]
 }
 ^
'Finished building: ../src/initialization.c'
' '
'Building target: part1.elf'
'Invoking: ARM v7 gcc linker'
arm-none-eabi-gcc -mcpu=cortex-a9 -mfpu=vfpv3 -mfloat-abi=hard -Wl,-build-id=none -specs=Xilinx.spec -Wl,-T -Wl,../src/lscript.ld -L../../part1_bsp/ps7_cortexa9_0/lib -o "part1.elf"  ./src/initialization.o ./src/spi_lab3_main.o   -Wl,--start-group,-lxil,-lfreertos,-lgcc,-lc,--end-group
'Finished building target: part1.elf'
' '
'Invoking: ARM v7 Print Size'
arm-none-eabi-size part1.elf  |tee "part1.elf.size"
   text	   data	    bss	    dec	    hex	filename
  87364	   3424	  89600	 180388	  2c0a4	part1.elf
'Finished building: part1.elf.size'
' '

15:03:05 Build Finished (took 2s.574ms)

